[2026-10-08 14:30:27] SERVER_STARTED port=6826
[2026-10-08 14:36:44] CLIENT_CONNECTED 127.0.0.1:52728
[2026-10-08 14:36:58] CLIENT_DISCONNECTED
[2026-10-08 14:44:36] SERVER_STOPPED
[2026-10-08 15:04:27] SERVER_STARTED port=6826
[2026-10-08 15:05:09] CLIENT_CONNECTED 127.0.0.1:58452
[2026-10-08 15:06:10] CLIENT_DISCONNECTED
[2026-10-08 15:06:16] SERVER_STOPPED
[2026-10-08 15:17:27] SERVER_STARTED port=6826
[2026-10-08 15:17:36] SERVER_STOPPED
[2026-10-08 15:17:47] SERVER_STARTED port=6826
[2026-10-08 15:19:20] REGISTER kalhara
[2026-10-08 15:20:15] LIST requested
[2026-10-08 15:20:41] ERR 001 USERNAME_TAKEN
[2026-10-08 15:21:44] ERR 005 NOT_REGISTERED
[2026-10-08 15:21:57] REGISTER kalhara1
[2026-10-08 15:24:12] LIST requested
[2026-10-08 15:24:29] QUIT requested
[2026-10-08 15:24:29] DISCONNECT kalhara1
[2026-10-08 15:24:53] DISCONNECT unregistered_client
[2026-10-08 15:31:35] SERVER_STOPPED
[2026-10-08 15:42:59] SERVER_STARTED port=6826
[2026-10-08 15:48:11] SERVER_STOPPED
[2026-10-08 15:51:45] SERVER_STARTED port=6826
[2026-10-08 15:52:46] REGISTER kalhara
[2026-10-08 15:53:11] REGISTER kalhara2
[2026-10-08 15:53:41] BCAST kalhara Hello everyone
[2026-10-08 15:54:10] BCAST kalhara2 Hello everyone
[2026-10-08 15:55:40] ERR 007 INVALID_COMMAND
[2026-10-08 16:15:05] SERVER_STOPPED
[2026-10-08 16:15:47] SERVER_STARTED port=6826
[2026-10-08 16:16:15] REGISTER kalhara
[2026-10-08 16:17:48] REGISTER kalhara2
[2026-10-08 16:18:08] PMSG from=kalhara to=kalhara2 message=Hello privately
[2026-10-08 16:19:38] ERR 002 USER_NOT_FOUND target=nobody sender=kalhara2
[2026-10-08 16:22:39] SERVER_STOPPED
